-- We should be able to use duckdb-only functions even when duckdb.execution is
-- turned off
SET duckdb.execution = false;
\getenv pwd PWD
select * from read_parquet(:'pwd' || '/data/unsigned_types.parquet') as (a int);
 utinyint | usmallint |  uinteger  
----------+-----------+------------
      255 |     65535 | 4294967295
(1 row)

select * from read_parquet(ARRAY[:'pwd' || '/data/unsigned_types.parquet']) as (a int);
 utinyint | usmallint |  uinteger  
----------+-----------+------------
      255 |     65535 | 4294967295
(1 row)

select * from read_csv(:'pwd' || '/data/web_page.csv') as (a int) LIMIT 2;
 column00 |     column01     |  column02  |  column03  | column04 | column05 | column06 | column07 |      column08      | column09  | column10 | column11 | column12 | column13 
----------+------------------+------------+------------+----------+----------+----------+----------+--------------------+-----------+----------+----------+----------+----------
        1 | AAAAAAAABAAAAAAA | 09-03-1997 |            |  2450810 |  2452620 | Y        |    98539 | http://www.foo.com | welcome   |     2531 |        8 |        3 |        4
        2 | AAAAAAAACAAAAAAA | 09-03-1997 | 09-02-2000 |  2450814 |  2452580 | N        |          | http://www.foo.com | protected |     1564 |        4 |        3 |        1
(2 rows)

select * from read_csv(ARRAY[:'pwd' || '/data/web_page.csv']) as (a int) LIMIT 2;
 column00 |     column01     |  column02  |  column03  | column04 | column05 | column06 | column07 |      column08      | column09  | column10 | column11 | column12 | column13 
----------+------------------+------------+------------+----------+----------+----------+----------+--------------------+-----------+----------+----------+----------+----------
        1 | AAAAAAAABAAAAAAA | 09-03-1997 |            |  2450810 |  2452620 | Y        |    98539 | http://www.foo.com | welcome   |     2531 |        8 |        3 |        4
        2 | AAAAAAAACAAAAAAA | 09-03-1997 | 09-02-2000 |  2450814 |  2452580 | N        |          | http://www.foo.com | protected |     1564 |        4 |        3 |        1
(2 rows)

-- TODO: Add a test for scan_iceberg once we have a test table
